Archive member included to satisfy reference by file (symbol)

c:/st/stm32cubeide_1.10.1/stm32cubeide/plugins/com.st.stm32cube.ide.mcu.externaltools.gnu-tools-for-stm32.10.3-2021.10.win32_1.0.0.202111181127/tools/bin/../lib/gcc/arm-none-eabi/10.3.1/../../../../arm-none-eabi/lib/thumb/v6-m/nofp\libc_nano.a(lib_a-errno.o)
                              ./Core/Src/syscalls.o (__errno)
c:/st/stm32cubeide_1.10.1/stm32cubeide/plugins/com.st.stm32cube.ide.mcu.externaltools.gnu-tools-for-stm32.10.3-2021.10.win32_1.0.0.202111181127/tools/bin/../lib/gcc/arm-none-eabi/10.3.1/../../../../arm-none-eabi/lib/thumb/v6-m/nofp\libc_nano.a(lib_a-exit.o)
                              c:/st/stm32cubeide_1.10.1/stm32cubeide/plugins/com.st.stm32cube.ide.mcu.externaltools.gnu-tools-for-stm32.10.3-2021.10.win32_1.0.0.202111181127/tools/bin/../lib/gcc/arm-none-eabi/10.3.1/../../../../arm-none-eabi/lib/thumb/v6-m/nofp/crt0.o (exit)
c:/st/stm32cubeide_1.10.1/stm32cubeide/plugins/com.st.stm32cube.ide.mcu.externaltools.gnu-tools-for-stm32.10.3-2021.10.win32_1.0.0.202111181127/tools/bin/../lib/gcc/arm-none-eabi/10.3.1/../../../../arm-none-eabi/lib/thumb/v6-m/nofp\libc_nano.a(lib_a-impure.o)
                              c:/st/stm32cubeide_1.10.1/stm32cubeide/plugins/com.st.stm32cube.ide.mcu.externaltools.gnu-tools-for-stm32.10.3-2021.10.win32_1.0.0.202111181127/tools/bin/../lib/gcc/arm-none-eabi/10.3.1/../../../../arm-none-eabi/lib/thumb/v6-m/nofp\libc_nano.a(lib_a-exit.o) (_global_impure_ptr)
c:/st/stm32cubeide_1.10.1/stm32cubeide/plugins/com.st.stm32cube.ide.mcu.externaltools.gnu-tools-for-stm32.10.3-2021.10.win32_1.0.0.202111181127/tools/bin/../lib/gcc/arm-none-eabi/10.3.1/../../../../arm-none-eabi/lib/thumb/v6-m/nofp\libc_nano.a(lib_a-init.o)
                              c:/st/stm32cubeide_1.10.1/stm32cubeide/plugins/com.st.stm32cube.ide.mcu.externaltools.gnu-tools-for-stm32.10.3-2021.10.win32_1.0.0.202111181127/tools/bin/../lib/gcc/arm-none-eabi/10.3.1/../../../../arm-none-eabi/lib/thumb/v6-m/nofp/crt0.o (__libc_init_array)
c:/st/stm32cubeide_1.10.1/stm32cubeide/plugins/com.st.stm32cube.ide.mcu.externaltools.gnu-tools-for-stm32.10.3-2021.10.win32_1.0.0.202111181127/tools/bin/../lib/gcc/arm-none-eabi/10.3.1/../../../../arm-none-eabi/lib/thumb/v6-m/nofp\libc_nano.a(lib_a-memset.o)
                              c:/st/stm32cubeide_1.10.1/stm32cubeide/plugins/com.st.stm32cube.ide.mcu.externaltools.gnu-tools-for-stm32.10.3-2021.10.win32_1.0.0.202111181127/tools/bin/../lib/gcc/arm-none-eabi/10.3.1/../../../../arm-none-eabi/lib/thumb/v6-m/nofp/crt0.o (memset)
c:/st/stm32cubeide_1.10.1/stm32cubeide/plugins/com.st.stm32cube.ide.mcu.externaltools.gnu-tools-for-stm32.10.3-2021.10.win32_1.0.0.202111181127/tools/bin/../lib/gcc/arm-none-eabi/10.3.1/thumb/v6-m/nofp\libgcc.a(_udivsi3.o)
                              ./Core/Src/system_stm32g0xx.o (__aeabi_uidiv)
c:/st/stm32cubeide_1.10.1/stm32cubeide/plugins/com.st.stm32cube.ide.mcu.externaltools.gnu-tools-for-stm32.10.3-2021.10.win32_1.0.0.202111181127/tools/bin/../lib/gcc/arm-none-eabi/10.3.1/thumb/v6-m/nofp\libgcc.a(_dvmd_tls.o)
                              c:/st/stm32cubeide_1.10.1/stm32cubeide/plugins/com.st.stm32cube.ide.mcu.externaltools.gnu-tools-for-stm32.10.3-2021.10.win32_1.0.0.202111181127/tools/bin/../lib/gcc/arm-none-eabi/10.3.1/thumb/v6-m/nofp\libgcc.a(_udivsi3.o) (__aeabi_idiv0)

Discarded input sections

 .text          0x0000000000000000        0x0 c:/st/stm32cubeide_1.10.1/stm32cubeide/plugins/com.st.stm32cube.ide.mcu.externaltools.gnu-tools-for-stm32.10.3-2021.10.win32_1.0.0.202111181127/tools/bin/../lib/gcc/arm-none-eabi/10.3.1/thumb/v6-m/nofp/crti.o
 .data          0x0000000000000000        0x0 c:/st/stm32cubeide_1.10.1/stm32cubeide/plugins/com.st.stm32cube.ide.mcu.externaltools.gnu-tools-for-stm32.10.3-2021.10.win32_1.0.0.202111181127/tools/bin/../lib/gcc/arm-none-eabi/10.3.1/thumb/v6-m/nofp/crti.o
 .bss           0x0000000000000000        0x0 c:/st/stm32cubeide_1.10.1/stm32cubeide/plugins/com.st.stm32cube.ide.mcu.externaltools.gnu-tools-for-stm32.10.3-2021.10.win32_1.0.0.202111181127/tools/bin/../lib/gcc/arm-none-eabi/10.3.1/thumb/v6-m/nofp/crti.o
 .data          0x0000000000000000        0x4 c:/st/stm32cubeide_1.10.1/stm32cubeide/plugins/com.st.stm32cube.ide.mcu.externaltools.gnu-tools-for-stm32.10.3-2021.10.win32_1.0.0.202111181127/tools/bin/../lib/gcc/arm-none-eabi/10.3.1/thumb/v6-m/nofp/crtbegin.o
 .rodata        0x0000000000000000       0x24 c:/st/stm32cubeide_1.10.1/stm32cubeide/plugins/com.st.stm32cube.ide.mcu.externaltools.gnu-tools-for-stm32.10.3-2021.10.win32_1.0.0.202111181127/tools/bin/../lib/gcc/arm-none-eabi/10.3.1/thumb/v6-m/nofp/crtbegin.o
 .text          0x0000000000000000       0x80 c:/st/stm32cubeide_1.10.1/stm32cubeide/plugins/com.st.stm32cube.ide.mcu.externaltools.gnu-tools-for-stm32.10.3-2021.10.win32_1.0.0.202111181127/tools/bin/../lib/gcc/arm-none-eabi/10.3.1/../../../../arm-none-eabi/lib/thumb/v6-m/nofp/crt0.o
[...]
Memory Configuration

Name             Origin             Length             Attributes
RAM              0x0000000020000000 0x0000000000024000 xrw
FLASH            0x0000000008000000 0x0000000000020000 xr
*default*        0x0000000000000000 0xffffffffffffffff

Linker script and memory map

LOAD c:/st/stm32cubeide_1.10.1/stm32cubeide/plugins/com.st.stm32cube.ide.mcu.externaltools.gnu-tools-for-stm32.10.3-2021.10.win32_1.0.0.202111181127/tools/bin/../lib/gcc/arm-none-eabi/10.3.1/thumb/v6-m/nofp/crti.o
LOAD c:/st/stm32cubeide_1.10.1/stm32cubeide/plugins/com.st.stm32cube.ide.mcu.externaltools.gnu-tools-for-stm32.10.3-2021.10.win32_1.0.0.202111181127/tools/bin/../lib/gcc/arm-none-eabi/10.3.1/thumb/v6-m/nofp/crtbegin.o
LOAD c:/st/stm32cubeide_1.10.1/stm32cubeide/plugins/com.st.stm32cube.ide.mcu.externaltools.gnu-tools-for-stm32.10.3-2021.10.win32_1.0.0.202111181127/tools/bin/../lib/gcc/arm-none-eabi/10.3.1/../../../../arm-none-eabi/lib/thumb/v6-m/nofp/crt0.o
LOAD ./Core/Src/main.o
LOAD ./Core/Src/stm32g0xx_hal_msp.o
LOAD ./Core/Src/stm32g0xx_it.o
LOAD ./Core/Src/syscalls.o
LOAD ./Core/Src/sysmem.o
LOAD ./Core/Src/system_stm32g0xx.o
LOAD ./Core/Startup/startup_stm32g0b1cbtx.o
LOAD ./Drivers/STM32G0xx_HAL_Driver/Src/stm32g0xx_hal.o
LOAD ./Drivers/STM32G0xx_HAL_Driver/Src/stm32g0xx_hal_cortex.o
LOAD ./Drivers/STM32G0xx_HAL_Driver/Src/stm32g0xx_hal_dma.o
LOAD ./Drivers/STM32G0xx_HAL_Driver/Src/stm32g0xx_hal_dma_ex.o
LOAD ./Drivers/STM32G0xx_HAL_Driver/Src/stm32g0xx_hal_exti.o
LOAD ./Drivers/STM32G0xx_HAL_Driver/Src/stm32g0xx_hal_fdcan.o
LOAD ./Drivers/STM32G0xx_HAL_Driver/Src/stm32g0xx_hal_flash.o
LOAD ./Drivers/STM32G0xx_HAL_Driver/Src/stm32g0xx_hal_flash_ex.o
LOAD ./Drivers/STM32G0xx_HAL_Driver/Src/stm32g0xx_hal_gpio.o
LOAD ./Drivers/STM32G0xx_HAL_Driver/Src/stm32g0xx_hal_pwr.o
LOAD ./Drivers/STM32G0xx_HAL_Driver/Src/stm32g0xx_hal_pwr_ex.o
LOAD ./Drivers/STM32G0xx_HAL_Driver/Src/stm32g0xx_hal_rcc.o
LOAD ./Drivers/STM32G0xx_HAL_Driver/Src/stm32g0xx_hal_rcc_ex.o
LOAD ./Drivers/STM32G0xx_HAL_Driver/Src/stm32g0xx_ll_dma.o
LOAD ./Drivers/STM32G0xx_HAL_Driver/Src/stm32g0xx_ll_rcc.o
START GROUP
LOAD c:/st/stm32cubeide_1.10.1/stm32cubeide/plugins/com.st.stm32cube.ide.mcu.externaltools.gnu-tools-for-stm32.10.3-2021.10.win32_1.0.0.202111181127/tools/bin/../lib/gcc/arm-none-eabi/10.3.1/../../../../arm-none-eabi/lib/thumb/v6-m/nofp\libc_nano.a
LOAD c:/st/stm32cubeide_1.10.1/stm32cubeide/plugins/com.st.stm32cube.ide.mcu.externaltools.gnu-tools-for-stm32.10.3-2021.10.win32_1.0.0.202111181127/tools/bin/../lib/gcc/arm-none-eabi/10.3.1/../../../../arm-none-eabi/lib/thumb/v6-m/nofp\libm.a
END GROUP
START GROUP
LOAD c:/st/stm32cubeide_1.10.1/stm32cubeide/plugins/com.st.stm32cube.ide.mcu.externaltools.gnu-tools-for-stm32.10.3-2021.10.win32_1.0.0.202111181127/tools/bin/../lib/gcc/arm-none-eabi/10.3.1/thumb/v6-m/nofp\libgcc.a
LOAD c:/st/stm32cubeide_1.10.1/stm32cubeide/plugins/com.st.stm32cube.ide.mcu.externaltools.gnu-tools-for-stm32.10.3-2021.10.win32_1.0.0.202111181127/tools/bin/../lib/gcc/arm-none-eabi/10.3.1/../../../../arm-none-eabi/lib/thumb/v6-m/nofp\libc_nano.a
END GROUP
START GROUP
LOAD c:/st/stm32cubeide_1.10.1/stm32cubeide/plugins/com.st.stm32cube.ide.mcu.externaltools.gnu-tools-for-stm32.10.3-2021.10.win32_1.0.0.202111181127/tools/bin/../lib/gcc/arm-none-eabi/10.3.1/thumb/v6-m/nofp\libgcc.a
LOAD c:/st/stm32cubeide_1.10.1/stm32cubeide/plugins/com.st.stm32cube.ide.mcu.externaltools.gnu-tools-for-stm32.10.3-2021.10.win32_1.0.0.202111181127/tools/bin/../lib/gcc/arm-none-eabi/10.3.1/../../../../arm-none-eabi/lib/thumb/v6-m/nofp\libc_nano.a
LOAD c:/st/stm32cubeide_1.10.1/stm32cubeide/plugins/com.st.stm32cube.ide.mcu.externaltools.gnu-tools-for-stm32.10.3-2021.10.win32_1.0.0.202111181127/tools/bin/../lib/gcc/arm-none-eabi/10.3.1/../../../../arm-none-eabi/lib/thumb/v6-m/nofp\libnosys.a
END GROUP
START GROUP
LOAD c:/st/stm32cubeide_1.10.1/stm32cubeide/plugins/com.st.stm32cube.ide.mcu.externaltools.gnu-tools-for-stm32.10.3-2021.10.win32_1.0.0.202111181127/tools/bin/../lib/gcc/arm-none-eabi/10.3.1/thumb/v6-m/nofp\libgcc.a
LOAD c:/st/stm32cubeide_1.10.1/stm32cubeide/plugins/com.st.stm32cube.ide.mcu.externaltools.gnu-tools-for-stm32.10.3-2021.10.win32_1.0.0.202111181127/tools/bin/../lib/gcc/arm-none-eabi/10.3.1/../../../../arm-none-eabi/lib/thumb/v6-m/nofp\libc_nano.a
LOAD c:/st/stm32cubeide_1.10.1/stm32cubeide/plugins/com.st.stm32cube.ide.mcu.externaltools.gnu-tools-for-stm32.10.3-2021.10.win32_1.0.0.202111181127/tools/bin/../lib/gcc/arm-none-eabi/10.3.1/../../../../arm-none-eabi/lib/thumb/v6-m/nofp\libnosys.a
END GROUP
LOAD c:/st/stm32cubeide_1.10.1/stm32cubeide/plugins/com.st.stm32cube.ide.mcu.externaltools.gnu-tools-for-stm32.10.3-2021.10.win32_1.0.0.202111181127/tools/bin/../lib/gcc/arm-none-eabi/10.3.1/thumb/v6-m/nofp/crtend.o
LOAD c:/st/stm32cubeide_1.10.1/stm32cubeide/plugins/com.st.stm32cube.ide.mcu.externaltools.gnu-tools-for-stm32.10.3-2021.10.win32_1.0.0.202111181127/tools/bin/../lib/gcc/arm-none-eabi/10.3.1/thumb/v6-m/nofp/crtn.o
                0x0000000020024000                _estack = (ORIGIN (RAM) + LENGTH (RAM))
                0x0000000000000200                _Min_Heap_Size = 0x200
                0x0000000000000400                _Min_Stack_Size = 0x400

.isr_vector     0x0000000008000000       0xbc
                0x0000000008000000                . = ALIGN (0x4)
 *(.isr_vector)
 .isr_vector    0x0000000008000000       0xbc ./Core/Startup/startup_stm32g0b1cbtx.o
                0x0000000008000000                g_pfnVectors
                0x00000000080000bc                . = ALIGN (0x4)

.text           0x00000000080000bc     0x25dc
                0x00000000080000bc                . = ALIGN (0x4)
 *(.text)
 .text          0x00000000080000bc       0x48 c:/st/stm32cubeide_1.10.1/stm32cubeide/plugins/com.st.stm32cube.ide.mcu.externaltools.gnu-tools-for-stm32.10.3-2021.10.win32_1.0.0.202111181127/tools/bin/../lib/gcc/arm-none-eabi/10.3.1/thumb/v6-m/nofp/crtbegin.o
 .text          0x0000000008000104      0x114 c:/st/stm32cubeide_1.10.1/stm32cubeide/plugins/com.st.stm32cube.ide.mcu.externaltools.gnu-tools-for-stm32.10.3-2021.10.win32_1.0.0.202111181127/tools/bin/../lib/gcc/arm-none-eabi/10.3.1/thumb/v6-m/nofp\libgcc.a(_udivsi3.o)
                0x0000000008000104                __aeabi_uidiv
                0x0000000008000104                __udivsi3
                0x0000000008000210                __aeabi_uidivmod
 .text          0x0000000008000218        0x4 c:/st/stm32cubeide_1.10.1/stm32cubeide/plugins/com.st.stm32cube.ide.mcu.externaltools.gnu-tools-for-stm32.10.3-2021.10.win32_1.0.0.202111181127/tools/bin/../lib/gcc/arm-none-eabi/10.3.1/thumb/v6-m/nofp\libgcc.a(_dvmd_tls.o)
                0x0000000008000218                __aeabi_idiv0
                0x0000000008000218                __aeabi_ldiv0
 *(.text*)
 .text.main     0x000000000800021c       0xc0 ./Core/Src/main.o
                0x000000000800021c                main
 .text.SystemClock_Config
                0x00000000080002dc       0xbc ./Core/Src/main.o
                0x00000000080002dc                SystemClock_Config
 .text.MX_FDCAN2_Init
                0x0000000008000398       0x90 ./Core/Src/main.o
 .text.MX_GPIO_Init
                0x0000000008000428       0x6c ./Core/Src/main.o
 .text.HAL_FDCAN_TxFifoEmptyCallback
                0x0000000008000494       0x20 ./Core/Src/main.o
                0x0000000008000494                HAL_FDCAN_TxFifoEmptyCallback
 .text.Error_Handler
                0x00000000080004b4        0xa ./Core/Src/main.o
                0x00000000080004b4                Error_Handler
 *fill*         0x00000000080004be        0x2 
 .text.HAL_MspInit
                0x00000000080004c0       0x48 ./Core/Src/stm32g0xx_hal_msp.o
                0x00000000080004c0                HAL_MspInit
 .text.HAL_FDCAN_MspInit
                0x0000000008000508       0xe4 ./Core/Src/stm32g0xx_hal_msp.o
                0x0000000008000508                HAL_FDCAN_MspInit
 .text.NMI_Handler
                0x00000000080005ec        0x6 ./Core/Src/stm32g0xx_it.o
                0x00000000080005ec                NMI_Handler
 .text.HardFault_Handler
                0x00000000080005f2        0x6 ./Core/Src/stm32g0xx_it.o
                0x00000000080005f2                HardFault_Handler
 .text.SVC_Handler
                0x00000000080005f8        0xa ./Core/Src/stm32g0xx_it.o
                0x00000000080005f8                SVC_Handler
 .text.PendSV_Handler
                0x0000000008000602        0xa ./Core/Src/stm32g0xx_it.o
                0x0000000008000602                PendSV_Handler
 .text.SysTick_Handler
                0x000000000800060c        0xe ./Core/Src/stm32g0xx_it.o
                0x000000000800060c                SysTick_Handler
 *fill*         0x000000000800061a        0x2 
 .text.TIM16_FDCAN_IT0_IRQHandler
                0x000000000800061c       0x18 ./Core/Src/stm32g0xx_it.o
                0x000000000800061c                TIM16_FDCAN_IT0_IRQHandler
 .text.TIM17_FDCAN_IT1_IRQHandler
                0x0000000008000634       0x18 ./Core/Src/stm32g0xx_it.o
                0x0000000008000634                TIM17_FDCAN_IT1_IRQHandler
 .text.SystemInit
                0x000000000800064c        0xa ./Core/Src/system_stm32g0xx.o
                0x000000000800064c                SystemInit
 *fill*         0x0000000008000656        0x2 
 .text.Reset_Handler
                0x0000000008000658       0x50 ./Core/Startup/startup_stm32g0b1cbtx.o
                0x0000000008000658                Reset_Handler
 .text.Default_Handler
                0x00000000080006a8        0x2 ./Core/Startup/startup_stm32g0b1cbtx.o
                0x00000000080006a8                I2C2_3_IRQHandler
                0x00000000080006a8                USART3_4_5_6_LPUART1_IRQHandler
                0x00000000080006a8                TIM1_CC_IRQHandler
                0x00000000080006a8                ADC1_COMP_IRQHandler
                0x00000000080006a8                I2C1_IRQHandler
                0x00000000080006a8                TIM7_LPTIM2_IRQHandler
                0x00000000080006a8                DMA1_Ch4_7_DMA2_Ch1_5_DMAMUX1_OVR_IRQHandler
                0x00000000080006a8                RCC_CRS_IRQHandler
                0x00000000080006a8                RTC_TAMP_IRQHandler
                0x00000000080006a8                SPI1_IRQHandler
                0x00000000080006a8                USB_UCPD1_2_IRQHandler
                0x00000000080006a8                EXTI2_3_IRQHandler
                0x00000000080006a8                USART2_LPUART2_IRQHandler
                0x00000000080006a8                PVD_VDDIO2_IRQHandler
                0x00000000080006a8                EXTI4_15_IRQHandler
                0x00000000080006a8                DMA1_Channel1_IRQHandler
                0x00000000080006a8                Default_Handler
                0x00000000080006a8                CEC_IRQHandler
                0x00000000080006a8                TIM14_IRQHandler
                0x00000000080006a8                TIM15_IRQHandler
                0x00000000080006a8                TIM3_TIM4_IRQHandler
                0x00000000080006a8                EXTI0_1_IRQHandler
                0x00000000080006a8                SPI2_3_IRQHandler
                0x00000000080006a8                TIM6_DAC_LPTIM1_IRQHandler
                0x00000000080006a8                WWDG_IRQHandler
                0x00000000080006a8                TIM2_IRQHandler
                0x00000000080006a8                DMA1_Channel2_3_IRQHandler
                0x00000000080006a8                FLASH_IRQHandler
                0x00000000080006a8                USART1_IRQHandler
                0x00000000080006a8                TIM1_BRK_UP_TRG_COM_IRQHandler
 *fill*         0x00000000080006aa        0x2 
 .text.HAL_Init
                0x00000000080006ac       0x40 ./Drivers/STM32G0xx_HAL_Driver/Src/stm32g0xx_hal.o
                0x00000000080006ac                HAL_Init
 .text.HAL_InitTick
                0x00000000080006ec       0x94 ./Drivers/STM32G0xx_HAL_Driver/Src/stm32g0xx_hal.o
                0x00000000080006ec                HAL_InitTick
 .text.HAL_IncTick
                0x0000000008000780       0x24 ./Drivers/STM32G0xx_HAL_Driver/Src/stm32g0xx_hal.o
                0x0000000008000780                HAL_IncTick
 .text.HAL_GetTick
                0x00000000080007a4       0x14 ./Drivers/STM32G0xx_HAL_Driver/Src/stm32g0xx_hal.o
                0x00000000080007a4                HAL_GetTick
 .text.HAL_Delay
                0x00000000080007b8       0x48 ./Drivers/STM32G0xx_HAL_Driver/Src/stm32g0xx_hal.o
                0x00000000080007b8                HAL_Delay
 .text.__NVIC_EnableIRQ
                0x0000000008000800       0x34 ./Drivers/STM32G0xx_HAL_Driver/Src/stm32g0xx_hal_cortex.o
 .text.__NVIC_SetPriority
                0x0000000008000834       0xdc ./Drivers/STM32G0xx_HAL_Driver/Src/stm32g0xx_hal_cortex.o
 .text.SysTick_Config
                0x0000000008000910       0x48 ./Drivers/STM32G0xx_HAL_Driver/Src/stm32g0xx_hal_cortex.o
 .text.HAL_NVIC_SetPriority
                0x0000000008000958       0x2a ./Drivers/STM32G0xx_HAL_Driver/Src/stm32g0xx_hal_cortex.o
                0x0000000008000958                HAL_NVIC_SetPriority
 .text.HAL_NVIC_EnableIRQ
                0x0000000008000982       0x20 ./Drivers/STM32G0xx_HAL_Driver/Src/stm32g0xx_hal_cortex.o
                0x0000000008000982                HAL_NVIC_EnableIRQ
 .text.HAL_SYSTICK_Config
                0x00000000080009a2       0x1a ./Drivers/STM32G0xx_HAL_Driver/Src/stm32g0xx_hal_cortex.o
                0x00000000080009a2                HAL_SYSTICK_Config
 .text.HAL_FDCAN_Init
                0x00000000080009bc      0x2cc ./Drivers/STM32G0xx_HAL_Driver/Src/stm32g0xx_hal_fdcan.o
                0x00000000080009bc                HAL_FDCAN_Init
 .text.HAL_FDCAN_Start
                0x0000000008000c88       0x4c ./Drivers/STM32G0xx_HAL_Driver/Src/stm32g0xx_hal_fdcan.o
                0x0000000008000c88                HAL_FDCAN_Start
 .text.HAL_FDCAN_AddMessageToTxFifoQ
                0x0000000008000cd4       0x8a ./Drivers/STM32G0xx_HAL_Driver/Src/stm32g0xx_hal_fdcan.o
                0x0000000008000cd4                HAL_FDCAN_AddMessageToTxFifoQ
 .text.HAL_FDCAN_ActivateNotification
                0x0000000008000d5e      0x1ac ./Drivers/STM32G0xx_HAL_Driver/Src/stm32g0xx_hal_fdcan.o
                0x0000000008000d5e                HAL_FDCAN_ActivateNotification
 .text.HAL_FDCAN_IRQHandler
                0x0000000008000f0a      0x28e ./Drivers/STM32G0xx_HAL_Driver/Src/stm32g0xx_hal_fdcan.o
                0x0000000008000f0a                HAL_FDCAN_IRQHandler
 .text.HAL_FDCAN_TxEventFifoCallback
                0x0000000008001198       0x12 ./Drivers/STM32G0xx_HAL_Driver/Src/stm32g0xx_hal_fdcan.o
                0x0000000008001198                HAL_FDCAN_TxEventFifoCallback
 .text.HAL_FDCAN_RxFifo0Callback
                0x00000000080011aa       0x12 ./Drivers/STM32G0xx_HAL_Driver/Src/stm32g0xx_hal_fdcan.o
                0x00000000080011aa                HAL_FDCAN_RxFifo0Callback
 .text.HAL_FDCAN_RxFifo1Callback
                0x00000000080011bc       0x12 ./Drivers/STM32G0xx_HAL_Driver/Src/stm32g0xx_hal_fdcan.o
                0x00000000080011bc                HAL_FDCAN_RxFifo1Callback
 .text.HAL_FDCAN_TxBufferCompleteCallback
                0x00000000080011ce       0x12 ./Drivers/STM32G0xx_HAL_Driver/Src/stm32g0xx_hal_fdcan.o
                0x00000000080011ce                HAL_FDCAN_TxBufferCompleteCallback
 .text.HAL_FDCAN_TxBufferAbortCallback
                0x00000000080011e0       0x12 ./Drivers/STM32G0xx_HAL_Driver/Src/stm32g0xx_hal_fdcan.o
                0x00000000080011e0                HAL_FDCAN_TxBufferAbortCallback
 .text.HAL_FDCAN_TimestampWraparoundCallback
                0x00000000080011f2       0x10 ./Drivers/STM32G0xx_HAL_Driver/Src/stm32g0xx_hal_fdcan.o
                0x00000000080011f2                HAL_FDCAN_TimestampWraparoundCallback
 .text.HAL_FDCAN_TimeoutOccurredCallback
                0x0000000008001202       0x10 ./Drivers/STM32G0xx_HAL_Driver/Src/stm32g0xx_hal_fdcan.o
                0x0000000008001202                HAL_FDCAN_TimeoutOccurredCallback
 .text.HAL_FDCAN_HighPriorityMessageCallback
                0x0000000008001212       0x10 ./Drivers/STM32G0xx_HAL_Driver/Src/stm32g0xx_hal_fdcan.o
                0x0000000008001212                HAL_FDCAN_HighPriorityMessageCallback
 .text.HAL_FDCAN_ErrorCallback
                0x0000000008001222       0x10 ./Drivers/STM32G0xx_HAL_Driver/Src/stm32g0xx_hal_fdcan.o
                0x0000000008001222                HAL_FDCAN_ErrorCallback
 .text.HAL_FDCAN_ErrorStatusCallback
                0x0000000008001232       0x12 ./Drivers/STM32G0xx_HAL_Driver/Src/stm32g0xx_hal_fdcan.o
                0x0000000008001232                HAL_FDCAN_ErrorStatusCallback
 .text.FDCAN_CalcultateRamBlockAddresses
                0x0000000008001244       0xd8 ./Drivers/STM32G0xx_HAL_Driver/Src/stm32g0xx_hal_fdcan.o
 .text.FDCAN_CopyMessageToRAM
                0x000000000800131c       0xf8 ./Drivers/STM32G0xx_HAL_Driver/Src/stm32g0xx_hal_fdcan.o
 .text.HAL_GPIO_Init
                0x0000000008001414      0x2d8 ./Drivers/STM32G0xx_HAL_Driver/Src/stm32g0xx_hal_gpio.o
                0x0000000008001414                HAL_GPIO_Init
 .text.HAL_GPIO_WritePin
                0x00000000080016ec       0x3a ./Drivers/STM32G0xx_HAL_Driver/Src/stm32g0xx_hal_gpio.o
                0x00000000080016ec                HAL_GPIO_WritePin
 .text.HAL_GPIO_TogglePin
                0x0000000008001726       0x36 ./Drivers/STM32G0xx_HAL_Driver/Src/stm32g0xx_hal_gpio.o
                0x0000000008001726                HAL_GPIO_TogglePin
 .text.HAL_PWREx_ControlVoltageScaling
                0x000000000800175c       0x80 ./Drivers/STM32G0xx_HAL_Driver/Src/stm32g0xx_hal_pwr_ex.o
                0x000000000800175c                HAL_PWREx_ControlVoltageScaling
 .text.HAL_RCC_OscConfig
                0x00000000080017dc      0x6c0 ./Drivers/STM32G0xx_HAL_Driver/Src/stm32g0xx_hal_rcc.o
                0x00000000080017dc                HAL_RCC_OscConfig
 .text.HAL_RCC_ClockConfig
                0x0000000008001e9c      0x210 ./Drivers/STM32G0xx_HAL_Driver/Src/stm32g0xx_hal_rcc.o
                0x0000000008001e9c                HAL_RCC_ClockConfig
 .text.HAL_RCC_GetSysClockFreq
                0x00000000080020ac      0x104 ./Drivers/STM32G0xx_HAL_Driver/Src/stm32g0xx_hal_rcc.o
                0x00000000080020ac                HAL_RCC_GetSysClockFreq
 .text.HAL_RCCEx_PeriphCLKConfig
                0x00000000080021b0      0x478 ./Drivers/STM32G0xx_HAL_Driver/Src/stm32g0xx_hal_rcc_ex.o
                0x00000000080021b0                HAL_RCCEx_PeriphCLKConfig
 .text.__libc_init_array
                0x0000000008002628       0x48 c:/st/stm32cubeide_1.10.1/stm32cubeide/plugins/com.st.stm32cube.ide.mcu.externaltools.gnu-tools-for-stm32.10.3-2021.10.win32_1.0.0.202111181127/tools/bin/../lib/gcc/arm-none-eabi/10.3.1/../../../../arm-none-eabi/lib/thumb/v6-m/nofp\libc_nano.a(lib_a-init.o)
                0x0000000008002628                __libc_init_array
 .text.memset   0x0000000008002670       0x10 c:/st/stm32cubeide_1.10.1/stm32cubeide/plugins/com.st.stm32cube.ide.mcu.externaltools.gnu-tools-for-stm32.10.3-2021.10.win32_1.0.0.202111181127/tools/bin/../lib/gcc/arm-none-eabi/10.3.1/../../../../arm-none-eabi/lib/thumb/v6-m/nofp\libc_nano.a(lib_a-memset.o)
                0x0000000008002670                memset
 *(.glue_7)
 .glue_7        0x0000000008002680        0x0 linker stubs
 *(.glue_7t)
 .glue_7t       0x0000000008002680        0x0 linker stubs
 *(.eh_frame)
 .eh_frame      0x0000000008002680        0x0 c:/st/stm32cubeide_1.10.1/stm32cubeide/plugins/com.st.stm32cube.ide.mcu.externaltools.gnu-tools-for-stm32.10.3-2021.10.win32_1.0.0.202111181127/tools/bin/../lib/gcc/arm-none-eabi/10.3.1/thumb/v6-m/nofp/crtbegin.o
 *(.init)
 .init          0x0000000008002680        0x4 c:/st/stm32cubeide_1.10.1/stm32cubeide/plugins/com.st.stm32cube.ide.mcu.externaltools.gnu-tools-for-stm32.10.3-2021.10.win32_1.0.0.202111181127/tools/bin/../lib/gcc/arm-none-eabi/10.3.1/thumb/v6-m/nofp/crti.o
                0x0000000008002680                _init
 .init          0x0000000008002684        0x8 c:/st/stm32cubeide_1.10.1/stm32cubeide/plugins/com.st.stm32cube.ide.mcu.externaltools.gnu-tools-for-stm32.10.3-2021.10.win32_1.0.0.202111181127/tools/bin/../lib/gcc/arm-none-eabi/10.3.1/thumb/v6-m/nofp/crtn.o
 *(.fini)
 .fini          0x000000000800268c        0x4 c:/st/stm32cubeide_1.10.1/stm32cubeide/plugins/com.st.stm32cube.ide.mcu.externaltools.gnu-tools-for-stm32.10.3-2021.10.win32_1.0.0.202111181127/tools/bin/../lib/gcc/arm-none-eabi/10.3.1/thumb/v6-m/nofp/crti.o
                0x000000000800268c                _fini
 .fini          0x0000000008002690        0x8 c:/st/stm32cubeide_1.10.1/stm32cubeide/plugins/com.st.stm32cube.ide.mcu.externaltools.gnu-tools-for-stm32.10.3-2021.10.win32_1.0.0.202111181127/tools/bin/../lib/gcc/arm-none-eabi/10.3.1/thumb/v6-m/nofp/crtn.o
                0x0000000008002698                . = ALIGN (0x4)
                0x0000000008002698                _etext = .

.vfp11_veneer   0x0000000008002698        0x0
 .vfp11_veneer  0x0000000008002698        0x0 linker stubs

.v4_bx          0x0000000008002698        0x0
 .v4_bx         0x0000000008002698        0x0 linker stubs

.iplt           0x0000000008002698        0x0
 .iplt          0x0000000008002698        0x0 c:/st/stm32cubeide_1.10.1/stm32cubeide/plugins/com.st.stm32cube.ide.mcu.externaltools.gnu-tools-for-stm32.10.3-2021.10.win32_1.0.0.202111181127/tools/bin/../lib/gcc/arm-none-eabi/10.3.1/thumb/v6-m/nofp/crtbegin.o

.rodata         0x0000000008002698       0x50
                0x0000000008002698                . = ALIGN (0x4)
 *(.rodata)
 *(.rodata*)
 .rodata.AHBPrescTable
                0x0000000008002698       0x40 ./Core/Src/system_stm32g0xx.o
                0x0000000008002698                AHBPrescTable
 .rodata.DLCtoBytes
                0x00000000080026d8       0x10 ./Drivers/STM32G0xx_HAL_Driver/Src/stm32g0xx_hal_fdcan.o
                0x00000000080026e8                . = ALIGN (0x4)

.rel.dyn        0x00000000080026e8        0x0
 .rel.iplt      0x00000000080026e8        0x0 c:/st/stm32cubeide_1.10.1/stm32cubeide/plugins/com.st.stm32cube.ide.mcu.externaltools.gnu-tools-for-stm32.10.3-2021.10.win32_1.0.0.202111181127/tools/bin/../lib/gcc/arm-none-eabi/10.3.1/thumb/v6-m/nofp/crtbegin.o

.ARM.extab      0x00000000080026e8        0x0
                0x00000000080026e8                . = ALIGN (0x4)
 *(.ARM.extab* .gnu.linkonce.armextab.*)
                0x00000000080026e8                . = ALIGN (0x4)

.ARM            0x00000000080026e8        0x0
                0x00000000080026e8                . = ALIGN (0x4)
                0x00000000080026e8                __exidx_start = .
 *(.ARM.exidx*)
                0x00000000080026e8                __exidx_end = .
                0x00000000080026e8                . = ALIGN (0x4)

.preinit_array  0x00000000080026e8        0x0
                0x00000000080026e8                . = ALIGN (0x4)
                0x00000000080026e8                PROVIDE (__preinit_array_start = .)
 *(.preinit_array*)
                0x00000000080026e8                PROVIDE (__preinit_array_end = .)
                0x00000000080026e8                . = ALIGN (0x4)

.init_array     0x00000000080026e8        0x4
                0x00000000080026e8                . = ALIGN (0x4)
                0x00000000080026e8                PROVIDE (__init_array_start = .)
 *(SORT_BY_NAME(.init_array.*))
 *(.init_array*)
 .init_array    0x00000000080026e8        0x4 c:/st/stm32cubeide_1.10.1/stm32cubeide/plugins/com.st.stm32cube.ide.mcu.externaltools.gnu-tools-for-stm32.10.3-2021.10.win32_1.0.0.202111181127/tools/bin/../lib/gcc/arm-none-eabi/10.3.1/thumb/v6-m/nofp/crtbegin.o
                0x00000000080026ec                PROVIDE (__init_array_end = .)
                0x00000000080026ec                . = ALIGN (0x4)

.fini_array     0x00000000080026ec        0x4
                0x00000000080026ec                . = ALIGN (0x4)
                [!provide]                        PROVIDE (__fini_array_start = .)
 *(SORT_BY_NAME(.fini_array.*))
 *(.fini_array*)
 .fini_array    0x00000000080026ec        0x4 c:/st/stm32cubeide_1.10.1/stm32cubeide/plugins/com.st.stm32cube.ide.mcu.externaltools.gnu-tools-for-stm32.10.3-2021.10.win32_1.0.0.202111181127/tools/bin/../lib/gcc/arm-none-eabi/10.3.1/thumb/v6-m/nofp/crtbegin.o
                [!provide]                        PROVIDE (__fini_array_end = .)
                0x00000000080026f0                . = ALIGN (0x4)
                0x00000000080026f0                _sidata = LOADADDR (.data)

.data           0x0000000020000000        0xc load address 0x00000000080026f0
                0x0000000020000000                . = ALIGN (0x4)
                0x0000000020000000                _sdata = .
 *(.data)
 *(.data*)
 .data.SystemCoreClock
                0x0000000020000000        0x4 ./Core/Src/system_stm32g0xx.o
                0x0000000020000000                SystemCoreClock
 .data.uwTickPrio
                0x0000000020000004        0x4 ./Drivers/STM32G0xx_HAL_Driver/Src/stm32g0xx_hal.o
                0x0000000020000004                uwTickPrio
 .data.uwTickFreq
                0x0000000020000008        0x1 ./Drivers/STM32G0xx_HAL_Driver/Src/stm32g0xx_hal.o
                0x0000000020000008                uwTickFreq
 *(.RamFunc)
 *(.RamFunc*)
                0x000000002000000c                . = ALIGN (0x4)
 *fill*         0x0000000020000009        0x3 
                0x000000002000000c                _edata = .

.igot.plt       0x000000002000000c        0x0 load address 0x00000000080026fc
 .igot.plt      0x000000002000000c        0x0 c:/st/stm32cubeide_1.10.1/stm32cubeide/plugins/com.st.stm32cube.ide.mcu.externaltools.gnu-tools-for-stm32.10.3-2021.10.win32_1.0.0.202111181127/tools/bin/../lib/gcc/arm-none-eabi/10.3.1/thumb/v6-m/nofp/crtbegin.o
                0x000000002000000c                . = ALIGN (0x4)

.bss            0x000000002000000c       0xb0 load address 0x00000000080026fc
                0x000000002000000c                _sbss = .
                0x000000002000000c                __bss_start__ = _sbss
 *(.bss)
 .bss           0x000000002000000c       0x1c c:/st/stm32cubeide_1.10.1/stm32cubeide/plugins/com.st.stm32cube.ide.mcu.externaltools.gnu-tools-for-stm32.10.3-2021.10.win32_1.0.0.202111181127/tools/bin/../lib/gcc/arm-none-eabi/10.3.1/thumb/v6-m/nofp/crtbegin.o
 *(.bss*)
 .bss.hfdcan2   0x0000000020000028       0x64 ./Core/Src/main.o
                0x0000000020000028                hfdcan2
 .bss.TxHeader  0x000000002000008c       0x24 ./Core/Src/main.o
                0x000000002000008c                TxHeader
 .bss.Txdata    0x00000000200000b0        0x8 ./Core/Src/main.o
                0x00000000200000b0                Txdata
 .bss.uwTick    0x00000000200000b8        0x4 ./Drivers/STM32G0xx_HAL_Driver/Src/stm32g0xx_hal.o
                0x00000000200000b8                uwTick
 *(COMMON)
                0x00000000200000bc                . = ALIGN (0x4)
                0x00000000200000bc                _ebss = .
                0x00000000200000bc                __bss_end__ = _ebss

._user_heap_stack
                0x00000000200000bc      0x604 load address 0x00000000080026fc
                0x00000000200000c0                . = ALIGN (0x8)
 *fill*         0x00000000200000bc        0x4 
                [!provide]                        PROVIDE (end = .)
                0x00000000200000c0                PROVIDE (_end = .)
                0x00000000200002c0                . = (. + _Min_Heap_Size)
 *fill*         0x00000000200000c0      0x200 
                0x00000000200006c0                . = (. + _Min_Stack_Size)
 *fill*         0x00000000200002c0      0x400 
                0x00000000200006c0                . = ALIGN (0x8)

/DISCARD/
 libc.a(*)
 libm.a(*)
 libgcc.a(*)

.ARM.attributes
                0x0000000000000000       0x28
 *(.ARM.attributes)
 .ARM.attributes
                0x0000000000000000       0x1e c:/st/stm32cubeide_1.10.1/stm32cubeide/plugins/com.st.stm32cube.ide.mcu.externaltools.gnu-tools-for-stm32.10.3-2021.10.win32_1.0.0.202111181127/tools/bin/../lib/gcc/arm-none-eabi/10.3.1/thumb/v6-m/nofp/crti.o
 .ARM.attributes
                0x000000000000001e       0x2c c:/st/stm32cubeide_1.10.1/stm32cubeide/plugins/com.st.stm32cube.ide.mcu.externaltools.gnu-tools-for-stm32.10.3-2021.10.win32_1.0.0.202111181127/tools/bin/../lib/gcc/arm-none-eabi/10.3.1/thumb/v6-m/nofp/crtbegin.o
 .ARM.attributes
                0x000000000000004a       0x2c ./Core/Src/main.o
 .ARM.attributes
                0x0000000000000076       0x2c ./Core/Src/stm32g0xx_hal_msp.o
 .ARM.attributes
                0x00000000000000a2       0x2c ./Core/Src/stm32g0xx_it.o
 .ARM.attributes
                0x00000000000000ce       0x2c ./Core/Src/system_stm32g0xx.o
 .ARM.attributes
                0x00000000000000fa       0x22 ./Core/Startup/startup_stm32g0b1cbtx.o
 .ARM.attributes
                0x000000000000011c       0x2c ./Drivers/STM32G0xx_HAL_Driver/Src/stm32g0xx_hal.o
 .ARM.attributes
                0x0000000000000148       0x2c ./Drivers/STM32G0xx_HAL_Driver/Src/stm32g0xx_hal_cortex.o
 .ARM.attributes
                0x0000000000000174       0x2c ./Drivers/STM32G0xx_HAL_Driver/Src/stm32g0xx_hal_fdcan.o
 .ARM.attributes
                0x00000000000001a0       0x2c ./Drivers/STM32G0xx_HAL_Driver/Src/stm32g0xx_hal_gpio.o
 .ARM.attributes
                0x00000000000001cc       0x2c ./Drivers/STM32G0xx_HAL_Driver/Src/stm32g0xx_hal_pwr_ex.o
 .ARM.attributes
                0x00000000000001f8       0x2c ./Drivers/STM32G0xx_HAL_Driver/Src/stm32g0xx_hal_rcc.o
 .ARM.attributes
                0x0000000000000224       0x2c ./Drivers/STM32G0xx_HAL_Driver/Src/stm32g0xx_hal_rcc_ex.o
 .ARM.attributes
                0x0000000000000250       0x2c c:/st/stm32cubeide_1.10.1/stm32cubeide/plugins/com.st.stm32cube.ide.mcu.externaltools.gnu-tools-for-stm32.10.3-2021.10.win32_1.0.0.202111181127/tools/bin/../lib/gcc/arm-none-eabi/10.3.1/../../../../arm-none-eabi/lib/thumb/v6-m/nofp\libc_nano.a(lib_a-init.o)
 .ARM.attributes
                0x000000000000027c       0x2c c:/st/stm32cubeide_1.10.1/stm32cubeide/plugins/com.st.stm32cube.ide.mcu.externaltools.gnu-tools-for-stm32.10.3-2021.10.win32_1.0.0.202111181127/tools/bin/../lib/gcc/arm-none-eabi/10.3.1/../../../../arm-none-eabi/lib/thumb/v6-m/nofp\libc_nano.a(lib_a-memset.o)
 .ARM.attributes
                0x00000000000002a8       0x1e c:/st/stm32cubeide_1.10.1/stm32cubeide/plugins/com.st.stm32cube.ide.mcu.externaltools.gnu-tools-for-stm32.10.3-2021.10.win32_1.0.0.202111181127/tools/bin/../lib/gcc/arm-none-eabi/10.3.1/thumb/v6-m/nofp\libgcc.a(_udivsi3.o)
 .ARM.attributes
                0x00000000000002c6       0x1e c:/st/stm32cubeide_1.10.1/stm32cubeide/plugins/com.st.stm32cube.ide.mcu.externaltools.gnu-tools-for-stm32.10.3-2021.10.win32_1.0.0.202111181127/tools/bin/../lib/gcc/arm-none-eabi/10.3.1/thumb/v6-m/nofp\libgcc.a(_dvmd_tls.o)
 .ARM.attributes
                0x00000000000002e4       0x1e c:/st/stm32cubeide_1.10.1/stm32cubeide/plugins/com.st.stm32cube.ide.mcu.externaltools.gnu-tools-for-stm32.10.3-2021.10.win32_1.0.0.202111181127/tools/bin/../lib/gcc/arm-none-eabi/10.3.1/thumb/v6-m/nofp/crtn.o
OUTPUT(led_can_tx_int.elf elf32-littlearm)
LOAD linker stubs
LOAD c:/st/stm32cubeide_1.10.1/stm32cubeide/plugins/com.st.stm32cube.ide.mcu.externaltools.gnu-tools-for-stm32.10.3-2021.10.win32_1.0.0.202111181127/tools/bin/../lib/gcc/arm-none-eabi/10.3.1/../../../../arm-none-eabi/lib/thumb/v6-m/nofp\libc.a
LOAD c:/st/stm32cubeide_1.10.1/stm32cubeide/plugins/com.st.stm32cube.ide.mcu.externaltools.gnu-tools-for-stm32.10.3-2021.10.win32_1.0.0.202111181127/tools/bin/../lib/gcc/arm-none-eabi/10.3.1/../../../../arm-none-eabi/lib/thumb/v6-m/nofp\libm.a
LOAD c:/st/stm32cubeide_1.10.1/stm32cubeide/plugins/com.st.stm32cube.ide.mcu.externaltools.gnu-tools-for-stm32.10.3-2021.10.win32_1.0.0.202111181127/tools/bin/../lib/gcc/arm-none-eabi/10.3.1/thumb/v6-m/nofp\libgcc.a

.debug_info     0x0000000000000000     0x7751
 .debug_info    0x0000000000000000      0xd07 ./Core/Src/main.o
 .debug_info    0x0000000000000d07      0xbf7 ./Core/Src/stm32g0xx_hal_msp.o
 .debug_info    0x00000000000018fe      0x63f ./Core/Src/stm32g0xx_it.o
 .debug_info    0x0000000000001f3d      0x34d ./Core/Src/system_stm32g0xx.o
 .debug_info    0x000000000000228a       0x22 ./Core/Startup/startup_stm32g0b1cbtx.o
 .debug_info    0x00000000000022ac      0xb4d ./Drivers/STM32G0xx_HAL_Driver/Src/stm32g0xx_hal.o
 .debug_info    0x0000000000002df9      0x95d ./Drivers/STM32G0xx_HAL_Driver/Src/stm32g0xx_hal_cortex.o
 .debug_info    0x0000000000003756     0x19d5 ./Drivers/STM32G0xx_HAL_Driver/Src/stm32g0xx_hal_fdcan.o
 .debug_info    0x000000000000512b      0x647 ./Drivers/STM32G0xx_HAL_Driver/Src/stm32g0xx_hal_gpio.o
 .debug_info    0x0000000000005772      0x90c ./Drivers/STM32G0xx_HAL_Driver/Src/stm32g0xx_hal_pwr_ex.o
 .debug_info    0x000000000000607e      0xbe9 ./Drivers/STM32G0xx_HAL_Driver/Src/stm32g0xx_hal_rcc.o
 .debug_info    0x0000000000006c67      0xaea ./Drivers/STM32G0xx_HAL_Driver/Src/stm32g0xx_hal_rcc_ex.o

.debug_abbrev   0x0000000000000000     0x1627
 .debug_abbrev  0x0000000000000000      0x220 ./Core/Src/main.o
 .debug_abbrev  0x0000000000000220      0x1c2 ./Core/Src/stm32g0xx_hal_msp.o
 .debug_abbrev  0x00000000000003e2      0x168 ./Core/Src/stm32g0xx_it.o
 .debug_abbrev  0x000000000000054a      0x116 ./Core/Src/system_stm32g0xx.o
 .debug_abbrev  0x0000000000000660       0x12 ./Core/Startup/startup_stm32g0b1cbtx.o
 .debug_abbrev  0x0000000000000672      0x278 ./Drivers/STM32G0xx_HAL_Driver/Src/stm32g0xx_hal.o
 .debug_abbrev  0x00000000000008ea      0x29f ./Drivers/STM32G0xx_HAL_Driver/Src/stm32g0xx_hal_cortex.o
 .debug_abbrev  0x0000000000000b89      0x1dc ./Drivers/STM32G0xx_HAL_Driver/Src/stm32g0xx_hal_fdcan.o
 .debug_abbrev  0x0000000000000d65      0x1b9 ./Drivers/STM32G0xx_HAL_Driver/Src/stm32g0xx_hal_gpio.o
 .debug_abbrev  0x0000000000000f1e      0x232 ./Drivers/STM32G0xx_HAL_Driver/Src/stm32g0xx_hal_pwr_ex.o
 .debug_abbrev  0x0000000000001150      0x2a3 ./Drivers/STM32G0xx_HAL_Driver/Src/stm32g0xx_hal_rcc.o
 .debug_abbrev  0x00000000000013f3      0x234 ./Drivers/STM32G0xx_HAL_Driver/Src/stm32g0xx_hal_rcc_ex.o

.debug_aranges  0x0000000000000000      0x7e8
 .debug_aranges
                0x0000000000000000       0x48 ./Core/Src/main.o
 .debug_aranges
                0x0000000000000048       0x30 ./Core/Src/stm32g0xx_hal_msp.o
 .debug_aranges
                0x0000000000000078       0x50 ./Core/Src/stm32g0xx_it.o
 .debug_aranges
                0x00000000000000c8       0x28 ./Core/Src/system_stm32g0xx.o
 .debug_aranges
                0x00000000000000f0       0x28 ./Core/Startup/startup_stm32g0b1cbtx.o
 .debug_aranges
                0x0000000000000118      0x130 ./Drivers/STM32G0xx_HAL_Driver/Src/stm32g0xx_hal.o
 .debug_aranges
                0x0000000000000248       0xe8 ./Drivers/STM32G0xx_HAL_Driver/Src/stm32g0xx_hal_cortex.o
 .debug_aranges
                0x0000000000000330      0x208 ./Drivers/STM32G0xx_HAL_Driver/Src/stm32g0xx_hal_fdcan.o
 .debug_aranges
                0x0000000000000538       0x60 ./Drivers/STM32G0xx_HAL_Driver/Src/stm32g0xx_hal_gpio.o
 .debug_aranges
                0x0000000000000598      0x128 ./Drivers/STM32G0xx_HAL_Driver/Src/stm32g0xx_hal_pwr_ex.o
 .debug_aranges
                0x00000000000006c0       0xa0 ./Drivers/STM32G0xx_HAL_Driver/Src/stm32g0xx_hal_rcc.o
 .debug_aranges
                0x0000000000000760       0x88 ./Drivers/STM32G0xx_HAL_Driver/Src/stm32g0xx_hal_rcc_ex.o

.debug_ranges   0x0000000000000000      0x730
 .debug_ranges  0x0000000000000000       0x38 ./Core/Src/main.o
 .debug_ranges  0x0000000000000038       0x20 ./Core/Src/stm32g0xx_hal_msp.o
 .debug_ranges  0x0000000000000058       0x40 ./Core/Src/stm32g0xx_it.o
 .debug_ranges  0x0000000000000098       0x18 ./Core/Src/system_stm32g0xx.o
 .debug_ranges  0x00000000000000b0       0x20 ./Core/Startup/startup_stm32g0b1cbtx.o
 .debug_ranges  0x00000000000000d0      0x120 ./Drivers/STM32G0xx_HAL_Driver/Src/stm32g0xx_hal.o
 .debug_ranges  0x00000000000001f0       0xd8 ./Drivers/STM32G0xx_HAL_Driver/Src/stm32g0xx_hal_cortex.o
 .debug_ranges  0x00000000000002c8      0x1f8 ./Drivers/STM32G0xx_HAL_Driver/Src/stm32g0xx_hal_fdcan.o
 .debug_ranges  0x00000000000004c0       0x50 ./Drivers/STM32G0xx_HAL_Driver/Src/stm32g0xx_hal_gpio.o
 .debug_ranges  0x0000000000000510      0x118 ./Drivers/STM32G0xx_HAL_Driver/Src/stm32g0xx_hal_pwr_ex.o
 .debug_ranges  0x0000000000000628       0x90 ./Drivers/STM32G0xx_HAL_Driver/Src/stm32g0xx_hal_rcc.o
 .debug_ranges  0x00000000000006b8       0x78 ./Drivers/STM32G0xx_HAL_Driver/Src/stm32g0xx_hal_rcc_ex.o

.debug_macro    0x0000000000000000    0x1a504
 .debug_macro   0x0000000000000000      0x1cb ./Core/Src/main.o
 .debug_macro   0x00000000000001cb      0xa4e ./Core/Src/main.o
 .debug_macro   0x0000000000000c19      0x124 ./Core/Src/main.o
 .debug_macro   0x0000000000000d3d       0x2e ./Core/Src/main.o
 .debug_macro   0x0000000000000d6b       0x28 ./Core/Src/main.o
 .debug_macro   0x0000000000000d93       0x22 ./Core/Src/main.o
 .debug_macro   0x0000000000000db5       0x8e ./Core/Src/main.o
 .debug_macro   0x0000000000000e43       0x51 ./Core/Src/main.o
 .debug_macro   0x0000000000000e94      0x103 ./Core/Src/main.o
 .debug_macro   0x0000000000000f97       0x6a ./Core/Src/main.o
 .debug_macro   0x0000000000001001      0x1df ./Core/Src/main.o
 .debug_macro   0x00000000000011e0       0x1c ./Core/Src/main.o
 .debug_macro   0x00000000000011fc       0x22 ./Core/Src/main.o
 .debug_macro   0x000000000000121e       0xd1 ./Core/Src/main.o
 .debug_macro   0x00000000000012ef      0x4da ./Core/Src/main.o
 .debug_macro   0x00000000000017c9      0x11f ./Core/Src/main.o
 .debug_macro   0x00000000000018e8     0xf3de ./Core/Src/main.o
 .debug_macro   0x0000000000010cc6       0x66 ./Core/Src/main.o
 .debug_macro   0x0000000000010d2c     0x350e ./Core/Src/main.o
 .debug_macro   0x000000000001423a      0x174 ./Core/Src/main.o
 .debug_macro   0x00000000000143ae       0x5c ./Core/Src/main.o
 .debug_macro   0x000000000001440a      0x72c ./Core/Src/main.o
 .debug_macro   0x0000000000014b36     0x1579 ./Core/Src/main.o
 .debug_macro   0x00000000000160af      0x535 ./Core/Src/main.o
 .debug_macro   0x00000000000165e4      0x1cf ./Core/Src/main.o
 .debug_macro   0x00000000000167b3      0x25b ./Core/Src/main.o
 .debug_macro   0x0000000000016a0e      0x4f5 ./Core/Src/main.o
 .debug_macro   0x0000000000016f03      0x280 ./Core/Src/main.o
 .debug_macro   0x0000000000017183      0x417 ./Core/Src/main.o
 .debug_macro   0x000000000001759a      0x1b2 ./Core/Src/main.o
 .debug_macro   0x000000000001774c       0x43 ./Core/Src/main.o
 .debug_macro   0x000000000001778f      0x1f1 ./Core/Src/main.o
 .debug_macro   0x0000000000017980      0x1e4 ./Core/Src/main.o
 .debug_macro   0x0000000000017b64      0x3fa ./Core/Src/main.o
 .debug_macro   0x0000000000017f5e       0x28 ./Core/Src/main.o
 .debug_macro   0x0000000000017f86      0x123 ./Core/Src/main.o
 .debug_macro   0x00000000000180a9      0x6bd ./Core/Src/main.o
 .debug_macro   0x0000000000018766      0x145 ./Core/Src/main.o
 .debug_macro   0x00000000000188ab      0x30b ./Core/Src/main.o
 .debug_macro   0x0000000000018bb6      0x5df ./Core/Src/main.o
 .debug_macro   0x0000000000019195      0x1cb ./Core/Src/stm32g0xx_hal_msp.o
 .debug_macro   0x0000000000019360      0x1d5 ./Core/Src/stm32g0xx_it.o
 .debug_macro   0x0000000000019535      0x1c1 ./Core/Src/system_stm32g0xx.o
 .debug_macro   0x00000000000196f6      0x1e5 ./Drivers/STM32G0xx_HAL_Driver/Src/stm32g0xx_hal.o
 .debug_macro   0x00000000000198db      0x1c1 ./Drivers/STM32G0xx_HAL_Driver/Src/stm32g0xx_hal_cortex.o
 .debug_macro   0x0000000000019a9c      0x2d3 ./Drivers/STM32G0xx_HAL_Driver/Src/stm32g0xx_hal_fdcan.o
 .debug_macro   0x0000000000019d6f      0x1c8 ./Drivers/STM32G0xx_HAL_Driver/Src/stm32g0xx_hal_gpio.o
 .debug_macro   0x0000000000019f37      0x1eb ./Drivers/STM32G0xx_HAL_Driver/Src/stm32g0xx_hal_pwr_ex.o
 .debug_macro   0x000000000001a122      0x209 ./Drivers/STM32G0xx_HAL_Driver/Src/stm32g0xx_hal_rcc.o
 .debug_macro   0x000000000001a32b      0x1d9 ./Drivers/STM32G0xx_HAL_Driver/Src/stm32g0xx_hal_rcc_ex.o

.debug_line     0x0000000000000000     0x81db
 .debug_line    0x0000000000000000      0x7f5 ./Core/Src/main.o
 .debug_line    0x00000000000007f5      0x71a ./Core/Src/stm32g0xx_hal_msp.o
 .debug_line    0x0000000000000f0f      0x748 ./Core/Src/stm32g0xx_it.o
 .debug_line    0x0000000000001657      0x726 ./Core/Src/system_stm32g0xx.o
 .debug_line    0x0000000000001d7d       0x89 ./Core/Startup/startup_stm32g0b1cbtx.o
 .debug_line    0x0000000000001e06      0xa8c ./Drivers/STM32G0xx_HAL_Driver/Src/stm32g0xx_hal.o
 .debug_line    0x0000000000002892      0xb0b ./Drivers/STM32G0xx_HAL_Driver/Src/stm32g0xx_hal_cortex.o
 .debug_line    0x000000000000339d     0x183e ./Drivers/STM32G0xx_HAL_Driver/Src/stm32g0xx_hal_fdcan.o
 .debug_line    0x0000000000004bdb      0xadd ./Drivers/STM32G0xx_HAL_Driver/Src/stm32g0xx_hal_gpio.o
 .debug_line    0x00000000000056b8      0xb49 ./Drivers/STM32G0xx_HAL_Driver/Src/stm32g0xx_hal_pwr_ex.o
 .debug_line    0x0000000000006201      0xef9 ./Drivers/STM32G0xx_HAL_Driver/Src/stm32g0xx_hal_rcc.o
 .debug_line    0x00000000000070fa     0x10e1 ./Drivers/STM32G0xx_HAL_Driver/Src/stm32g0xx_hal_rcc_ex.o

.debug_str      0x0000000000000000    0xabc72
 .debug_str     0x0000000000000000    0xa8e3a ./Core/Src/main.o
                                      0xa9560 (size before relaxing)
 .debug_str     0x00000000000a8e3a      0x47f ./Core/Src/stm32g0xx_hal_msp.o
                                      0xa96c5 (size before relaxing)
 .debug_str     0x00000000000a92b9       0xcd ./Core/Src/stm32g0xx_it.o
                                      0xa9171 (size before relaxing)
 .debug_str     0x00000000000a9386       0x8e ./Core/Src/system_stm32g0xx.o
                                      0xa8e63 (size before relaxing)
 .debug_str     0x00000000000a9414       0x36 ./Core/Startup/startup_stm32g0b1cbtx.o
                                         0x77 (size before relaxing)
 .debug_str     0x00000000000a944a      0x5e2 ./Drivers/STM32G0xx_HAL_Driver/Src/stm32g0xx_hal.o
                                      0xa973c (size before relaxing)
 .debug_str     0x00000000000a9a2c      0x29c ./Drivers/STM32G0xx_HAL_Driver/Src/stm32g0xx_hal_cortex.o
                                      0xa9374 (size before relaxing)
 .debug_str     0x00000000000a9cc8     0x1233 ./Drivers/STM32G0xx_HAL_Driver/Src/stm32g0xx_hal_fdcan.o
                                      0xaa4fb (size before relaxing)
 .debug_str     0x00000000000aaefb      0x156 ./Drivers/STM32G0xx_HAL_Driver/Src/stm32g0xx_hal_gpio.o
                                      0xa8fc6 (size before relaxing)
 .debug_str     0x00000000000ab051      0x3f0 ./Drivers/STM32G0xx_HAL_Driver/Src/stm32g0xx_hal_pwr_ex.o
                                      0xa93e5 (size before relaxing)
 .debug_str     0x00000000000ab441      0x4c0 ./Drivers/STM32G0xx_HAL_Driver/Src/stm32g0xx_hal_rcc.o
                                      0xa962f (size before relaxing)
 .debug_str     0x00000000000ab901      0x371 ./Drivers/STM32G0xx_HAL_Driver/Src/stm32g0xx_hal_rcc_ex.o
                                      0xa94bf (size before relaxing)

.comment        0x0000000000000000       0x50
 .comment       0x0000000000000000       0x50 ./Core/Src/main.o
                                         0x51 (size before relaxing)
 .comment       0x0000000000000050       0x51 ./Core/Src/stm32g0xx_hal_msp.o
 .comment       0x0000000000000050       0x51 ./Core/Src/stm32g0xx_it.o
 .comment       0x0000000000000050       0x51 ./Core/Src/system_stm32g0xx.o
 .comment       0x0000000000000050       0x51 ./Drivers/STM32G0xx_HAL_Driver/Src/stm32g0xx_hal.o
 .comment       0x0000000000000050       0x51 ./Drivers/STM32G0xx_HAL_Driver/Src/stm32g0xx_hal_cortex.o
 .comment       0x0000000000000050       0x51 ./Drivers/STM32G0xx_HAL_Driver/Src/stm32g0xx_hal_fdcan.o
 .comment       0x0000000000000050       0x51 ./Drivers/STM32G0xx_HAL_Driver/Src/stm32g0xx_hal_gpio.o
 .comment       0x0000000000000050       0x51 ./Drivers/STM32G0xx_HAL_Driver/Src/stm32g0xx_hal_pwr_ex.o
 .comment       0x0000000000000050       0x51 ./Drivers/STM32G0xx_HAL_Driver/Src/stm32g0xx_hal_rcc.o
 .comment       0x0000000000000050       0x51 ./Drivers/STM32G0xx_HAL_Driver/Src/stm32g0xx_hal_rcc_ex.o

.debug_frame    0x0000000000000000     0x1ae0
 .debug_frame   0x0000000000000000       0xc4 ./Core/Src/main.o
 .debug_frame   0x00000000000000c4       0x70 ./Core/Src/stm32g0xx_hal_msp.o
 .debug_frame   0x0000000000000134       0xd4 ./Core/Src/stm32g0xx_it.o
 .debug_frame   0x0000000000000208       0x4c ./Core/Src/system_stm32g0xx.o
 .debug_frame   0x0000000000000254      0x41c ./Drivers/STM32G0xx_HAL_Driver/Src/stm32g0xx_hal.o
 .debug_frame   0x0000000000000670      0x33c ./Drivers/STM32G0xx_HAL_Driver/Src/stm32g0xx_hal_cortex.o
 .debug_frame   0x00000000000009ac      0x7d0 ./Drivers/STM32G0xx_HAL_Driver/Src/stm32g0xx_hal_fdcan.o
 .debug_frame   0x000000000000117c      0x130 ./Drivers/STM32G0xx_HAL_Driver/Src/stm32g0xx_hal_gpio.o
 .debug_frame   0x00000000000012ac      0x3f4 ./Drivers/STM32G0xx_HAL_Driver/Src/stm32g0xx_hal_pwr_ex.o
 .debug_frame   0x00000000000016a0      0x214 ./Drivers/STM32G0xx_HAL_Driver/Src/stm32g0xx_hal_rcc.o
 .debug_frame   0x00000000000018b4      0x1c0 ./Drivers/STM32G0xx_HAL_Driver/Src/stm32g0xx_hal_rcc_ex.o
 .debug_frame   0x0000000000001a74       0x2c c:/st/stm32cubeide_1.10.1/stm32cubeide/plugins/com.st.stm32cube.ide.mcu.externaltools.gnu-tools-for-stm32.10.3-2021.10.win32_1.0.0.202111181127/tools/bin/../lib/gcc/arm-none-eabi/10.3.1/../../../../arm-none-eabi/lib/thumb/v6-m/nofp\libc_nano.a(lib_a-init.o)
 .debug_frame   0x0000000000001aa0       0x20 c:/st/stm32cubeide_1.10.1/stm32cubeide/plugins/com.st.stm32cube.ide.mcu.externaltools.gnu-tools-for-stm32.10.3-2021.10.win32_1.0.0.202111181127/tools/bin/../lib/gcc/arm-none-eabi/10.3.1/../../../../arm-none-eabi/lib/thumb/v6-m/nofp\libc_nano.a(lib_a-memset.o)
 .debug_frame   0x0000000000001ac0       0x20 c:/st/stm32cubeide_1.10.1/stm32cubeide/plugins/com.st.stm32cube.ide.mcu.externaltools.gnu-tools-for-stm32.10.3-2021.10.win32_1.0.0.202111181127/tools/bin/../lib/gcc/arm-none-eabi/10.3.1/thumb/v6-m/nofp\libgcc.a(_udivsi3.o)
